
> nextjs@0.1.0 build
> next build

  Ôû▓ Next.js 14.2.35
  - Environments: .env.production

   Creating an optimized production build ...
node.exe : Failed to c
ompile.
At line:1 char:1
+ & "C:\Program Files\
nodejs/node.exe" "C:\P
rogram Files\nodejs/no
de_mo ...
+ ~~~~~~~~~~~~~~~~~~~~
~~~~~~~~~~~~~~~~~~~~~~
~~~~~~~~~~~~~~~~~~~~~~
~~~~~
    + CategoryInfo    
          : NotSpeci  
  fied: (Failed to    
 compile.:String)     
[], RemoteExcepti    o
n
    + FullyQualifiedE 
   rrorId : NativeCo  
  mmandError
 

./components/header.ts
x
Error: 
  [31mx[0m Expected 
'}', got '<eof>'
     ,-[[36;1;4mC:\Us
ers\murat\OneDrive\Des
ktop\modatepe-agent-he
ad-section-for-ad-read
iness-dfff\components\
header.tsx[0m:186:1]
 [2m186[0m |        
 </div>
 [2m187[0m |       <
/nav>
 [2m188[0m |     </>
 [2m189[0m |   );
     : [31;1m   ^[0m
 [2m189[0m | 
     `----

Caused by:
    Syntax Error

Import trace for reque
sted module:
./components/header.ts
x
./app/[locale]/layout.
tsx


> Build failed because
 of webpack errors
